PS C:\Users\5A09_xx\Desktop\HeroCTF_v4\READMEmd> git init
Initialized empty Git repository in C:/Users/5A09_xx/Desktop/HeroCTF_v4/READMEmd/.git/
PS C:\Users\5A09_xx\Desktop\HeroCTF_v4\READMEmd> git add .
PS C:\Users\5A09_xx\Desktop\HeroCTF_v4\READMEmd> git commit
Aborting commit due to empty commit message.
PS C:\Users\5A09_xx\Desktop\HeroCTF_v4\READMEmd> git commit -m "README"
[master (root-commit) 913679f] README
 1 file changed, 13 insertions(+)
 create mode 100644 index.html
PS C:\Users\5A09_xx\Desktop\HeroCTF_v4\READMEmd> git checkout 
PS C:\Users\5A09_xx\Desktop\HeroCTF_v4\READMEmd> git checkout feature
error: pathspec 'feature' did not match any file(s) known to git
PS C:\Users\5A09_xx\Desktop\HeroCTF_v4\READMEmd> git status
On branch master
nothing to commit, working tree clean
PS C:\Users\5A09_xx\Desktop\HeroCTF_v4\READMEmd> git branch
* master
PS C:\Users\5A09_xx\Desktop\HeroCTF_v4\READMEmd> git checkout -b feature
Switched to a new branch 'feature'
PS C:\Users\5A09_xx\Desktop\HeroCTF_v4\READMEmd> git branch
* feature
  master
PS C:\Users\5A09_xx\Desktop\HeroCTF_v4\READMEmd> git add .
PS C:\Users\5A09_xx\Desktop\HeroCTF_v4\READMEmd> git commit -m "Add name and email"
[feature 4bf9519] Add name and email
 1 file changed, 4 insertions(+), 3 deletions(-)
PS C:\Users\5A09_xx\Desktop\HeroCTF_v4\READMEmd> git checkout master    
Switched to branch 'master'
PS C:\Users\5A09_xx\Desktop\HeroCTF_v4\READMEmd> git branch
  feature
* master
PS C:\Users\5A09_xx\Desktop\HeroCTF_v4\READMEmd> git merge feature
Updating 913679f..4bf9519
Fast-forward
 index.html | 7 ++++---
 1 file changed, 4 insertions(+), 3 deletions(-)
PS C:\Users\5A09_xx\Desktop\HeroCTF_v4\READMEmd> git remote add README.md https://github.com/chacha5/README.md-chanutda.git
PS C:\Users\5A09_xx\Desktop\HeroCTF_v4\READMEmd> git branch -M main
PS C:\Users\5A09_xx\Desktop\HeroCTF_v4\READMEmd> git push -u README.md main
info: please complete authentication in your browser...
Enumerating objects: 6, done.
Counting objects: 100% (6/6), done.
Delta compression using up to 24 threads
Compressing objects: 100% (4/4), done.
Writing objects: 100% (6/6), 636 bytes | 636.00 KiB/s, done.
Total 6 (delta 1), reused 0 (delta 0), pack-reused 0 (from 0)
remote: Resolving deltas: 100% (1/1), done.
To https://github.com/chacha5/README.md-chanutda.git
 * [new branch]      main -> main
branch 'main' set up to track 'README.md/main'.
PS C:\Users\5A09_xx\Desktop\HeroCTF_v4\READMEmd> git branch
  feature
* main
PS C:\Users\5A09_xx\Desktop\HeroCTF_v4\READMEmd> git switch feature
Switched to branch 'feature'
PS C:\Users\5A09_xx\Desktop\HeroCTF_v4\READMEmd> git switch main
Switched to branch 'main'
Your branch is up to date with 'README.md/main'.
